Error: Message
Exception: System.NotImplementedException
StackTrace of NotImplementedException:
  at ... in ...
  .
  .
  .
  at ... in ...
