Error: The method or operation is not implemented.
Exception: System.NotImplementedException
StackTrace of NotImplementedException:
  at ... in ...
  .
  .
  .
  at ... in ...
