{
  "StepDefinitions": [
    {
      "Type": "Then",
      "Regex": "^lorem dictum (\\d+) accumsan$",
      "Method": "ConubiaDonecEgestasQuisqueSteps.ThenAnteCursusJustoId(Int32)",
      "ParamTypes": "i",
      "Scope": null,
      "Expression": "lorem dictum (\\d+) accumsan",
      "Error": null,
      "SourceLocation": "#0|10|9|12|10"
    },
    {
      "Type": "When",
      "Regex": "^nulla nec dui (\\d+)$",
      "Method": "ConubiaDonecEgestasQuisqueSteps.WhenSemDonecCommodoEt(Int32)",
      "ParamTypes": "i",
      "Scope": null,
      "Expression": "nulla nec dui (\\d+)",
      "Error": null,
      "SourceLocation": "#0|16|9|18|10"
    },
    {
      "Type": "Given",
      "Regex": "^id nulla (\\d+)$",
      "Method": "ConubiaDonecEgestasQuisqueSteps.GivenConubiaDonecDiamEleifend(Int32)",
      "ParamTypes": "i",
      "Scope": null,
      "Expression": "id nulla (\\d+)",
      "Error": null,
      "SourceLocation": "#0|22|9|24|10"
    }
  ],
  "SourceFiles": {
    "0": "<<targetFolder>>\\StepDefinitions\\ConubiaDonecEgestasQuisqueSteps.cs"
  },
  "TypeNames": {}
}
