stdout:
stderr:Error: Invalid command: discovery --debug
Exception: System.ArgumentException
resultCode:3