stdout:
stderr:Error: Invalid command: xxx
Exception: System.ArgumentException
resultCode:3