stdout:
stderr:Error: Invalid command: --debug
Exception: System.ArgumentException
resultCode:3