Error: The method or operation is not implemented.
Exception: System.NotImplementedException
StackTrace of NotImplementedException:
   at System.SystemExtensions.WithStackTrace(Exception exception) in C:\git\SpecFlow.VS\Tests\SpecFlow.VisualStudio.Tests\SystemExtensions.cs:line 11