Error: Message
Exception: System.Exception
StackTrace of Exception:
  at ... in ...
  .
  .
  .
  at ... in ...
