Error: Message1 -> Message2
Exception: System.Exception->System.NotImplementedException
StackTrace of NotImplementedException:
  at ... in ...
  .
  .
  .
  at ... in ...
