Error: Message1 -> Message2 -> Message3 -> Message4 -> Message5 -> Message6
Exception: System.AggregateException->System.NotImplementedException->System.AggregateException->System.Exception->System.AggregateException->System.InvalidOperationException
StackTrace of InvalidOperationException:
  at ... in ...
  .
  .
  .
  at ... in ...
StackTrace of AggregateException:
  at ... in ...
  .
  .
  .
  at ... in ...
StackTrace of Exception:
  at ... in ...
  .
  .
  .
  at ... in ...
StackTrace of AggregateException:
  at ... in ...
  .
  .
  .
  at ... in ...
StackTrace of NotImplementedException:
  at ... in ...
  .
  .
  .
  at ... in ...
StackTrace of AggregateException:
   at System.SystemExtensions.WithStackTrace(Exception exception) in C:\git\SpecFlow.VS\Tests\SpecFlow.VisualStudio.Tests\SystemExtensions.cs:line 11