stdout:
stderr:Error: Command is missing!
Exception: System.ArgumentException
StackTrace of ArgumentException:
  at ... in ...
  .
  .
  .
  at ... in ...


resultCode:3
