stdout:>>>>>>>>>>
{}
<<<<<<<<<<

stderr:
resultCode:0
