stdout:
stderr:Error: Invalid command: discovery --debug
Exception: System.ArgumentException
StackTrace of ArgumentException:
  at ... in ...
  .
  .
  .
  at ... in ...


resultCode:3
