Error: Message
Exception: System.Exception
StackTrace of Exception:
   at System.SystemExtensions.WithStackTrace(Exception exception) in C:\git\SpecFlow.VS\Tests\SpecFlow.VisualStudio.Tests\SystemExtensions.cs:line 11