Left`2[System.Exception,SpecFlow.VisualStudio.SpecFlowConnector.ConnectorOptions]System.InvalidOperationException: Usage: discovery <test-assembly-path> [<config-file-path>]