Left`2[System.Exception,SpecFlow.VisualStudio.SpecFlowConnector.ConnectorOptions]System.ArgumentException: Invalid command: --debug