Right`2[System.Exception,SpecFlow.VisualStudio.SpecFlowConnector.ConnectorOptions]DiscoveryOptions { DebugMode = False, AssemblyFile = C:\git\SpecFlow.VS\Tests\SpecFlow.VisualStudio.SpecFlowConnector.Tests\bin\Debug\net6.0\assembly.dll, ConfigFilePath = None, ConnectorFolder = C:\git\SpecFlow.VS\Tests\SpecFlow.VisualStudio.SpecFlowConnector.Tests\bin\Debug\net6.0, TargetFolder = C:\git\SpecFlow.VS\Tests\SpecFlow.VisualStudio.SpecFlowConnector.Tests\bin\Debug\net6.0 }