Left`2[System.Exception,SpecFlow.VisualStudio.SpecFlowConnector.ConnectorOptions]System.ArgumentException: Command is missing!