{
  "stepDefinitions": [],
  "sourceFiles": {},
  "typeNames": {},
  "analyticsProperties": {
    "Connector": "<connector>",
    "ImageRuntimeVersion": "v4.0.30319",
    "SFFile": "TechTalk.SpecFlow.dll",
    "SFFileVersion": "3.9.40.46609",
    "SFProductVersion": "3.9.40+11b6bbec89",
    "SourcePaths": "2",
    "StepDefinitions": "82",
    "TargetFramework": ".NETFramework,Version=v4.7.2",
    "TypeNames": "7"
  }
}