{
  "stepDefinitions": [
    {
      "type": "Given",
      "regex": "^quam Donec porta Sed$",
      "method": "IntegerANecHimenaeosSteps.GivenCursusMolestieRisusUltricies(String)",
      "paramTypes": "s",
      "expression": "quam Donec porta Sed",
      "sourceLocation": "#0|10|9|12|10"
    },
    {
      "type": "Then",
      "regex": "^per ipsum (\\d\u002B)$",
      "method": "IntegerANecHimenaeosSteps.ThenAcTortorEgestasVel(Int32)",
      "paramTypes": "i",
      "expression": "per ipsum (\\d\u002B)",
      "sourceLocation": "#0|16|9|18|10"
    },
    {
      "type": "When",
      "regex": "^sapien (\\d\u002B) ante nulla$",
      "method": "IntegerANecHimenaeosSteps.WhenEnimRisusCongueEt(Int32)",
      "paramTypes": "i",
      "expression": "sapien (\\d\u002B) ante nulla",
      "sourceLocation": "#0|22|9|24|10"
    }
  ],
  "sourceFiles": {
    "0": "<<targetFolder>>\\StepDefinitions\\IntegerANecHimenaeosSteps.cs"
  },
  "typeNames": {},
  "analyticsProperties": {
    "Connector": "<connector>",
    "ImageRuntimeVersion": "v4.0.30319",
    "SFFile": "TechTalk.SpecFlow.dll",
    "SFFileVersion": "3.9.40.46609",
    "SFProductVersion": "3.9.40\u002B11b6bbec89",
    "SourcePaths": "1",
    "StepDefinitions": "3",
    "TargetFramework": ".NETCoreApp,Version=v3.0",
    "TypeNames": "0"
  }
}
