{
  "stepDefinitions": [
    {
      "type": "When",
      "regex": "^urna massa \u0022(.*)\u0022 sollicitudin$",
      "method": "LectusDignissimEuFelisSteps.WhenEgetRisusEuAccumsan(String)",
      "paramTypes": "s",
      "expression": "urna massa \u0022(.*)\u0022 sollicitudin",
      "sourceLocation": "#0|10|9|12|10"
    },
    {
      "type": "Given",
      "regex": "^ut et \u0022(.*)\u0022$",
      "method": "LectusDignissimEuFelisSteps.GivenLoremSapienQuisqueVitae(String)",
      "paramTypes": "s",
      "expression": "ut et \u0022(.*)\u0022",
      "sourceLocation": "#0|16|9|18|10"
    },
    {
      "type": "Then",
      "regex": "^molestie augue auctor eu$",
      "method": "LectusDignissimEuFelisSteps.ThenTristiqueAnteLiberoUt(Table)",
      "paramTypes": "st",
      "expression": "molestie augue auctor eu",
      "sourceLocation": "#0|22|9|24|10"
    }
  ],
  "sourceFiles": {
    "0": "<<targetFolder>>\\StepDefinitions\\LectusDignissimEuFelisSteps.cs"
  },
  "typeNames": {},
  "analyticsProperties": {
    "Connector": "<connector>",
    "ImageRuntimeVersion": "v4.0.30319",
    "SFFile": "TechTalk.SpecFlow.dll",
    "SFFileVersion": "3.3.30.18275",
    "SFProductVersion": "3.3.30\u002B63479059ce",
    "SourcePaths": "1",
    "StepDefinitions": "3",
    "TargetFramework": ".NETCoreApp,Version=v6.0",
    "TypeNames": "0"
  }
}
