{
  "stepDefinitions": [
    {
      "type": "Then",
      "regex": "^cursus augue Suspendisse eros tortor$",
      "method": "InPortaVariusASteps.ThenBlanditQuisqueNonConubia()",
      "expression": "cursus augue Suspendisse eros tortor",
      "sourceLocation": "#0|10|9|12|10"
    },
    {
      "type": "Given",
      "regex": "^Suspendisse Nulla \u0022(.*)\u0022 risus$",
      "method": "InPortaVariusASteps.GivenAuctorNullaNecEu(String)",
      "paramTypes": "s",
      "expression": "Suspendisse Nulla \u0022(.*)\u0022 risus",
      "sourceLocation": "#0|16|9|18|10"
    },
    {
      "type": "When",
      "regex": "^lobortis (\\d\u002B) taciti (\\d\u002B)$",
      "method": "InPortaVariusASteps.WhenLoremPellentesqueNamSuspendisse(Int32, Int32)",
      "paramTypes": "i|i",
      "expression": "lobortis (\\d\u002B) taciti (\\d\u002B)",
      "sourceLocation": "#0|22|9|24|10"
    }
  ],
  "sourceFiles": {
    "0": "<<targetFolder>>\\StepDefinitions\\InPortaVariusASteps.cs"
  },
  "typeNames": {},
  "analyticsProperties": {
    "Connector": "<connector>",
    "ImageRuntimeVersion": "v4.0.30319",
    "SFFile": "TechTalk.SpecFlow.dll",
    "SFFileVersion": "3.9.40.46609",
    "SFProductVersion": "3.9.40\u002B11b6bbec89",
    "SourcePaths": "1",
    "StepDefinitions": "3",
    "TargetFramework": ".NETCoreApp,Version=v6.0",
    "TypeNames": "0"
  }
}
