{
  "stepDefinitions": [
    {
      "type": "Given",
      "regex": "^quis ipsum erat$",
      "method": "MassaPlaceratFaucibusRisusSteps.GivenInMolestieTempusMolestie()",
      "expression": "quis ipsum erat",
      "sourceLocation": "#0|10|9|12|10"
    },
    {
      "type": "Then",
      "regex": "^vitae eu diam$",
      "method": "MassaPlaceratFaucibusRisusSteps.ThenIpsumMassaEratBlandit()",
      "expression": "vitae eu diam",
      "sourceLocation": "#0|16|9|18|10"
    },
    {
      "type": "When",
      "regex": "^diam condimentum lacinia blandit tincidunt$",
      "method": "MassaPlaceratFaucibusRisusSteps.WhenMollisNostraCurabiturDictum()",
      "expression": "diam condimentum lacinia blandit tincidunt",
      "sourceLocation": "#0|22|9|24|10"
    }
  ],
  "sourceFiles": {
    "0": "<<targetFolder>>\\StepDefinitions\\MassaPlaceratFaucibusRisusSteps.cs"
  },
  "typeNames": {}
}
