{
  "stepDefinitions": [
    {
      "type": "Given",
      "regex": "^quam Donec porta Sed$",
      "method": "IntegerANecHimenaeosSteps.GivenCursusMolestieRisusUltricies(String)",
      "paramTypes": "s",
      "expression": "quam Donec porta Sed",
      "sourceLocation": "#0|10|9|12|10"
    },
    {
      "type": "Then",
      "regex": "^per ipsum (\\d\u002B)$",
      "method": "IntegerANecHimenaeosSteps.ThenAcTortorEgestasVel(Int32)",
      "paramTypes": "i",
      "expression": "per ipsum (\\d\u002B)",
      "sourceLocation": "#0|16|9|18|10"
    },
    {
      "type": "When",
      "regex": "^sapien (\\d\u002B) ante nulla$",
      "method": "IntegerANecHimenaeosSteps.WhenEnimRisusCongueEt(Int32)",
      "paramTypes": "i",
      "expression": "sapien (\\d\u002B) ante nulla",
      "sourceLocation": "#0|22|9|24|10"
    }
  ],
  "sourceFiles": {
    "0": "<<targetFolder>>\\StepDefinitions\\IntegerANecHimenaeosSteps.cs"
  },
  "typeNames": {}
}
