{
  "stepDefinitions": [
    {
      "type": "Then",
      "regex": "^lorem dictum (\\d\u002B) accumsan$",
      "method": "ConubiaDonecEgestasQuisqueSteps.ThenAnteCursusJustoId(Int32)",
      "paramTypes": "i",
      "expression": "lorem dictum (\\d\u002B) accumsan",
      "sourceLocation": "#0|10|9|12|10"
    },
    {
      "type": "When",
      "regex": "^nulla nec dui (\\d\u002B)$",
      "method": "ConubiaDonecEgestasQuisqueSteps.WhenSemDonecCommodoEt(Int32)",
      "paramTypes": "i",
      "expression": "nulla nec dui (\\d\u002B)",
      "sourceLocation": "#0|16|9|18|10"
    },
    {
      "type": "Given",
      "regex": "^id nulla (\\d\u002B)$",
      "method": "ConubiaDonecEgestasQuisqueSteps.GivenConubiaDonecDiamEleifend(Int32)",
      "paramTypes": "i",
      "expression": "id nulla (\\d\u002B)",
      "sourceLocation": "#0|22|9|24|10"
    }
  ],
  "sourceFiles": {
    "0": "<<targetFolder>>\\StepDefinitions\\ConubiaDonecEgestasQuisqueSteps.cs"
  },
  "typeNames": {},
  "analyticsProperties": {
    "Connector": "<connector>",
    "ImageRuntimeVersion": "v4.0.30319",
    "SFFile": "TechTalk.SpecFlow.dll",
    "SFFileVersion": "3.5.5.38082",
    "SFProductVersion": "3.5.5\u002Bc2944f96aa",
    "SourcePaths": "1",
    "StepDefinitions": "3",
    "TargetFramework": ".NETCoreApp,Version=v6.0",
    "TypeNames": "0"
  }
}
