{
  "StepDefinitions": [
    {
      "Type": "Then",
      "Regex": "^auctor sit (\\d+) congue$",
      "Method": "NisiEgestasLigulaSemSteps.ThenSemEgestasDolorSuspendisse(Int32)",
      "ParamTypes": "i",
      "Scope": null,
      "Expression": "auctor sit (\\d+) congue",
      "Error": null,
      "SourceLocation": "#0|10|9|12|10"
    },
    {
      "Type": "When",
      "Regex": "^id ut amet viverra$",
      "Method": "NisiEgestasLigulaSemSteps.WhenPretiumQuisqueIdClass(String)",
      "ParamTypes": "s",
      "Scope": null,
      "Expression": "id ut amet viverra",
      "Error": null,
      "SourceLocation": "#0|16|9|18|10"
    },
    {
      "Type": "Then",
      "Regex": "^scelerisque ipsum et Suspendisse Curabitur$",
      "Method": "NisiEgestasLigulaSemSteps.ThenVolutpatBlanditDuiNon(Table)",
      "ParamTypes": "st",
      "Scope": null,
      "Expression": "scelerisque ipsum et Suspendisse Curabitur",
      "Error": null,
      "SourceLocation": "#0|22|9|24|10"
    },
    {
      "Type": "Given",
      "Regex": "^ut venenatis ut$",
      "Method": "NisiEgestasLigulaSemSteps.GivenVelAmetNecLitora()",
      "ParamTypes": null,
      "Scope": null,
      "Expression": "ut venenatis ut",
      "Error": null,
      "SourceLocation": "#0|28|9|30|10"
    },
    {
      "Type": "When",
      "Regex": "^ligula condimentum egestas neque \"(.*)\"$",
      "Method": "NisiEgestasLigulaSemSteps.WhenQuisqueLiberoBlanditPellentesque(String)",
      "ParamTypes": "s",
      "Scope": null,
      "Expression": "ligula condimentum egestas neque \"(.*)\"",
      "Error": null,
      "SourceLocation": "#0|34|9|36|10"
    },
    {
      "Type": "Given",
      "Regex": "^enim vitae Suspendisse Lorem nunc$",
      "Method": "NisiEgestasLigulaSemSteps.GivenEnimSuspendisseLeoNostra()",
      "ParamTypes": null,
      "Scope": null,
      "Expression": "enim vitae Suspendisse Lorem nunc",
      "Error": null,
      "SourceLocation": "#0|40|9|42|10"
    },
    {
      "Type": "When",
      "Regex": "^id dignissim Suspendisse$",
      "Method": "UltriciesNisiAtDapibusSteps.WhenTorquentPulvinarNonDiam()",
      "ParamTypes": null,
      "Scope": null,
      "Expression": "id dignissim Suspendisse",
      "Error": null,
      "SourceLocation": "#1|10|9|12|10"
    },
    {
      "Type": "Then",
      "Regex": "^libero non cursus \"(.*)\"$",
      "Method": "UltriciesNisiAtDapibusSteps.ThenPortaLeoMassaBlandit(String)",
      "ParamTypes": "s",
      "Scope": null,
      "Expression": "libero non cursus \"(.*)\"",
      "Error": null,
      "SourceLocation": "#1|16|9|18|10"
    },
    {
      "Type": "Then",
      "Regex": "^aptent a (\\d+) ex$",
      "Method": "UltriciesNisiAtDapibusSteps.ThenElementumEuInceptosVel(Int32)",
      "ParamTypes": "i",
      "Scope": null,
      "Expression": "aptent a (\\d+) ex",
      "Error": null,
      "SourceLocation": "#1|22|9|24|10"
    },
    {
      "Type": "Then",
      "Regex": "^ad non faucibus mattis pretium$",
      "Method": "UltriciesNisiAtDapibusSteps.ThenScelerisqueIaculisBlanditUt()",
      "ParamTypes": null,
      "Scope": null,
      "Expression": "ad non faucibus mattis pretium",
      "Error": null,
      "SourceLocation": "#1|28|9|30|10"
    },
    {
      "Type": "Given",
      "Regex": "^eget cursus lobortis \"(.*)\"$",
      "Method": "UltriciesNisiAtDapibusSteps.GivenCommodoNullaPhasellusRisus(String)",
      "ParamTypes": "s",
      "Scope": null,
      "Expression": "eget cursus lobortis \"(.*)\"",
      "Error": null,
      "SourceLocation": "#1|34|9|36|10"
    },
    {
      "Type": "When",
      "Regex": "^mi (\\d+) dignissim elementum$",
      "Method": "UltriciesNisiAtDapibusSteps.WhenInterdumMetusMiDiam(Int32)",
      "ParamTypes": "i",
      "Scope": null,
      "Expression": "mi (\\d+) dignissim elementum",
      "Error": null,
      "SourceLocation": "#1|40|9|42|10"
    },
    {
      "Type": "When",
      "Regex": "^bibendum Nulla ligula sit$",
      "Method": "ExLeoElementumInSteps.WhenMiBlanditVitaeDui()",
      "ParamTypes": null,
      "Scope": null,
      "Expression": "bibendum Nulla ligula sit",
      "Error": null,
      "SourceLocation": "#2|10|9|12|10"
    },
    {
      "Type": "When",
      "Regex": "^(\\d+) nunc venenatis vitae$",
      "Method": "ExLeoElementumInSteps.WhenACursusSuspendisseViverra(Int32)",
      "ParamTypes": "i",
      "Scope": null,
      "Expression": "(\\d+) nunc venenatis vitae",
      "Error": null,
      "SourceLocation": "#2|16|9|18|10"
    },
    {
      "Type": "When",
      "Regex": "^\"(.*)\" at sem rhoncus nec$",
      "Method": "ExLeoElementumInSteps.WhenPhasellusUtEgestasLorem(String)",
      "ParamTypes": "s",
      "Scope": null,
      "Expression": "\"(.*)\" at sem rhoncus nec",
      "Error": null,
      "SourceLocation": "#2|22|9|24|10"
    },
    {
      "Type": "Then",
      "Regex": "^Phasellus consectetur sed$",
      "Method": "ExLeoElementumInSteps.ThenNullaEuElementumTempor()",
      "ParamTypes": null,
      "Scope": null,
      "Expression": "Phasellus consectetur sed",
      "Error": null,
      "SourceLocation": "#2|28|9|30|10"
    },
    {
      "Type": "Then",
      "Regex": "^vel Suspendisse porta egestas$",
      "Method": "ExLeoElementumInSteps.ThenAliquamABibendumBibendum()",
      "ParamTypes": null,
      "Scope": null,
      "Expression": "vel Suspendisse porta egestas",
      "Error": null,
      "SourceLocation": "#2|34|9|36|10"
    },
    {
      "Type": "Then",
      "Regex": "^(\\d+) arcu risus \"(.*)\"$",
      "Method": "ExLeoElementumInSteps.ThenLobortisAtNullaSit(Int32, String)",
      "ParamTypes": "i|s",
      "Scope": null,
      "Expression": "(\\d+) arcu risus \"(.*)\"",
      "Error": null,
      "SourceLocation": "#2|40|9|42|10"
    },
    {
      "Type": "Then",
      "Regex": "^(\\d+) (\\d+) \"(.*)\"$",
      "Method": "EfficiturSuspendisseSociosquSapienSteps.ThenLeoFelisNecLibero(Int32, Int32, String)",
      "ParamTypes": "i|i|s",
      "Scope": null,
      "Expression": "(\\d+) (\\d+) \"(.*)\"",
      "Error": null,
      "SourceLocation": "#3|10|9|12|10"
    },
    {
      "Type": "When",
      "Regex": "^venenatis augue diam magna (\\d+)$",
      "Method": "EfficiturSuspendisseSociosquSapienSteps.WhenLaoreetMassaFelisIpsum(Int32, String)",
      "ParamTypes": "i|s",
      "Scope": null,
      "Expression": "venenatis augue diam magna (\\d+)",
      "Error": null,
      "SourceLocation": "#3|16|9|18|10"
    },
    {
      "Type": "Given",
      "Regex": "^lobortis ad justo (\\d+) pulvinar$",
      "Method": "EfficiturSuspendisseSociosquSapienSteps.GivenEratEleifendVulputateEros(Int32)",
      "ParamTypes": "i",
      "Scope": null,
      "Expression": "lobortis ad justo (\\d+) pulvinar",
      "Error": null,
      "SourceLocation": "#3|22|9|24|10"
    },
    {
      "Type": "When",
      "Regex": "^vitae efficitur (\\d+) scelerisque$",
      "Method": "EfficiturSuspendisseSociosquSapienSteps.WhenIdMetusAliquamEuismod(Int32)",
      "ParamTypes": "i",
      "Scope": null,
      "Expression": "vitae efficitur (\\d+) scelerisque",
      "Error": null,
      "SourceLocation": "#3|28|9|30|10"
    },
    {
      "Type": "When",
      "Regex": "^urna molestie purus blandit$",
      "Method": "EfficiturSuspendisseSociosquSapienSteps.WhenPellentesqueVulputateDonecEleifend()",
      "ParamTypes": null,
      "Scope": null,
      "Expression": "urna molestie purus blandit",
      "Error": null,
      "SourceLocation": "#3|34|9|36|10"
    },
    {
      "Type": "When",
      "Regex": "^(\\d+) ut accumsan scelerisque lectus$",
      "Method": "EfficiturSuspendisseSociosquSapienSteps.WhenCondimentumEgetQuisFusce(Int32)",
      "ParamTypes": "i",
      "Scope": null,
      "Expression": "(\\d+) ut accumsan scelerisque lectus",
      "Error": null,
      "SourceLocation": "#3|40|9|42|10"
    },
    {
      "Type": "Given",
      "Regex": "^(\\d+) in quis volutpat$",
      "Method": "DuiNonTinciduntHimenaeosSteps.GivenAmetScelerisqueDapibusPorttitor(Int32)",
      "ParamTypes": "i",
      "Scope": null,
      "Expression": "(\\d+) in quis volutpat",
      "Error": null,
      "SourceLocation": "#4|10|9|12|10"
    },
    {
      "Type": "When",
      "Regex": "^massa \"(.*)\" porttitor condimentum venenatis$",
      "Method": "DuiNonTinciduntHimenaeosSteps.WhenPhasellusAtTortorErat(String)",
      "ParamTypes": "s",
      "Scope": null,
      "Expression": "massa \"(.*)\" porttitor condimentum venenatis",
      "Error": null,
      "SourceLocation": "#4|16|9|18|10"
    },
    {
      "Type": "Then",
      "Regex": "^imperdiet tristique bibendum (\\d+)$",
      "Method": "DuiNonTinciduntHimenaeosSteps.ThenDonecDiamPerAliquet(Int32, String)",
      "ParamTypes": "i|s",
      "Scope": null,
      "Expression": "imperdiet tristique bibendum (\\d+)",
      "Error": null,
      "SourceLocation": "#4|22|9|24|10"
    },
    {
      "Type": "Then",
      "Regex": "^lobortis (\\d+) augue$",
      "Method": "DuiNonTinciduntHimenaeosSteps.ThenInMiInAt(Int32)",
      "ParamTypes": "i",
      "Scope": null,
      "Expression": "lobortis (\\d+) augue",
      "Error": null,
      "SourceLocation": "#4|28|9|30|10"
    },
    {
      "Type": "When",
      "Regex": "^et enim Duis sociosqu$",
      "Method": "DuiNonTinciduntHimenaeosSteps.WhenVestibulumLitoraSapienElit()",
      "ParamTypes": null,
      "Scope": null,
      "Expression": "et enim Duis sociosqu",
      "Error": null,
      "SourceLocation": "#4|34|9|36|10"
    },
    {
      "Type": "When",
      "Regex": "^Integer Donec ante$",
      "Method": "DuiNonTinciduntHimenaeosSteps.WhenIdErosNostraEt()",
      "ParamTypes": null,
      "Scope": null,
      "Expression": "Integer Donec ante",
      "Error": null,
      "SourceLocation": "#4|40|9|42|10"
    },
    {
      "Type": "Given",
      "Regex": "^nostra molestie ut$",
      "Method": "AcSagittisErosScelerisqueSteps.GivenUltriciesDuiFelisSit()",
      "ParamTypes": null,
      "Scope": null,
      "Expression": "nostra molestie ut",
      "Error": null,
      "SourceLocation": "#5|10|9|12|10"
    },
    {
      "Type": "Then",
      "Regex": "^vitae malesuada suscipit$",
      "Method": "AcSagittisErosScelerisqueSteps.ThenCommodoAmetUtSem(String)",
      "ParamTypes": "s",
      "Scope": null,
      "Expression": "vitae malesuada suscipit",
      "Error": null,
      "SourceLocation": "#5|16|9|18|10"
    },
    {
      "Type": "Then",
      "Regex": "^In vitae (\\d+) \"(.*)\"$",
      "Method": "AcSagittisErosScelerisqueSteps.ThenInterdumBlanditANulla(Int32, String)",
      "ParamTypes": "i|s",
      "Scope": null,
      "Expression": "In vitae (\\d+) \"(.*)\"",
      "Error": null,
      "SourceLocation": "#5|22|9|24|10"
    },
    {
      "Type": "Given",
      "Regex": "^ligula eu commodo justo$",
      "Method": "AcSagittisErosScelerisqueSteps.GivenMolestieAtMassaNec(Table)",
      "ParamTypes": "st",
      "Scope": null,
      "Expression": "ligula eu commodo justo",
      "Error": null,
      "SourceLocation": "#5|28|9|30|10"
    },
    {
      "Type": "Given",
      "Regex": "^\"(.*)\" rhoncus \"(.*)\" odio$",
      "Method": "AcSagittisErosScelerisqueSteps.GivenNamInMollisPorttitor(String, String)",
      "ParamTypes": "s|s",
      "Scope": null,
      "Expression": "\"(.*)\" rhoncus \"(.*)\" odio",
      "Error": null,
      "SourceLocation": "#5|34|9|36|10"
    },
    {
      "Type": "When",
      "Regex": "^felis Curabitur Vestibulum ultricies$",
      "Method": "AcSagittisErosScelerisqueSteps.WhenPortaElitInEuismod()",
      "ParamTypes": null,
      "Scope": null,
      "Expression": "felis Curabitur Vestibulum ultricies",
      "Error": null,
      "SourceLocation": "#5|40|9|42|10"
    },
    {
      "Type": "When",
      "Regex": "^iaculis ipsum Etiam a (\\d+)$",
      "Method": "VitaeBibendumNisiCondimentumSteps.WhenVelEfficiturSedPorta(Int32)",
      "ParamTypes": "i",
      "Scope": null,
      "Expression": "iaculis ipsum Etiam a (\\d+)",
      "Error": null,
      "SourceLocation": "#6|10|9|12|10"
    },
    {
      "Type": "Then",
      "Regex": "^ex dignissim elementum$",
      "Method": "VitaeBibendumNisiCondimentumSteps.ThenJustoMagnaEgetVarius()",
      "ParamTypes": null,
      "Scope": null,
      "Expression": "ex dignissim elementum",
      "Error": null,
      "SourceLocation": "#6|16|9|18|10"
    },
    {
      "Type": "Then",
      "Regex": "^conubia viverra in in$",
      "Method": "VitaeBibendumNisiCondimentumSteps.ThenMalesuadaNonInAliquet()",
      "ParamTypes": null,
      "Scope": null,
      "Expression": "conubia viverra in in",
      "Error": null,
      "SourceLocation": "#6|22|9|24|10"
    },
    {
      "Type": "Given",
      "Regex": "^augue et sapien sem laoreet$",
      "Method": "VitaeBibendumNisiCondimentumSteps.GivenInSemperInAmet()",
      "ParamTypes": null,
      "Scope": null,
      "Expression": "augue et sapien sem laoreet",
      "Error": null,
      "SourceLocation": "#6|28|9|30|10"
    },
    {
      "Type": "Given",
      "Regex": "^ex scelerisque porta porta$",
      "Method": "VitaeBibendumNisiCondimentumSteps.GivenDuiVulputateOrciNulla()",
      "ParamTypes": null,
      "Scope": null,
      "Expression": "ex scelerisque porta porta",
      "Error": null,
      "SourceLocation": "#6|34|9|36|10"
    },
    {
      "Type": "When",
      "Regex": "^sit Suspendisse pretium$",
      "Method": "VitaeBibendumNisiCondimentumSteps.WhenImperdietSitNibhCongue()",
      "ParamTypes": null,
      "Scope": null,
      "Expression": "sit Suspendisse pretium",
      "Error": null,
      "SourceLocation": "#6|40|9|42|10"
    }
  ],
  "SourceFiles": {
    "0": "<<targetFolder>>\\StepDefinitions\\NisiEgestasLigulaSemSteps.cs",
    "1": "<<targetFolder>>\\StepDefinitions\\UltriciesNisiAtDapibusSteps.cs",
    "2": "<<targetFolder>>\\StepDefinitions\\ExLeoElementumInSteps.cs",
    "3": "<<targetFolder>>\\StepDefinitions\\EfficiturSuspendisseSociosquSapienSteps.cs",
    "4": "<<targetFolder>>\\StepDefinitions\\DuiNonTinciduntHimenaeosSteps.cs",
    "5": "<<targetFolder>>\\StepDefinitions\\AcSagittisErosScelerisqueSteps.cs",
    "6": "<<targetFolder>>\\StepDefinitions\\VitaeBibendumNisiCondimentumSteps.cs"
  },
  "TypeNames": {}
}
