{
  "stepDefinitions": [
    {
      "type": "When",
      "regex": "^sapien urna iaculis (\\d\u002B)$",
      "method": "DolorUtImperdietFermentumSteps.WhenQuisElitMiCursus(Int32)",
      "paramTypes": "i",
      "expression": "sapien urna iaculis (\\d\u002B)",
      "sourceLocation": "#0|10|9|12|10"
    },
    {
      "type": "Given",
      "regex": "^(\\d\u002B) porta scelerisque ante Mauris$",
      "method": "DolorUtImperdietFermentumSteps.GivenMolestieUrnaEtiamMolestie(Int32)",
      "paramTypes": "i",
      "expression": "(\\d\u002B) porta scelerisque ante Mauris",
      "sourceLocation": "#0|16|9|18|10"
    },
    {
      "type": "Then",
      "regex": "^dapibus leo lacus venenatis (\\d\u002B)$",
      "method": "DolorUtImperdietFermentumSteps.ThenNecAtLigulaUt(Int32)",
      "paramTypes": "i",
      "expression": "dapibus leo lacus venenatis (\\d\u002B)",
      "sourceLocation": "#0|22|9|24|10"
    }
  ],
  "sourceFiles": {
    "0": "<<targetFolder>>\\StepDefinitions\\DolorUtImperdietFermentumSteps.cs"
  },
  "typeNames": {},
  "analyticsProperties": {
    "Connector": "<connector>",
    "ImageRuntimeVersion": "v4.0.30319",
    "SFFile": "TechTalk.SpecFlow.dll",
    "SFFileVersion": "3.5.14.31122",
    "SFProductVersion": "3.5.14\u002B9279e6acda",
    "SourcePaths": "1",
    "StepDefinitions": "3",
    "TargetFramework": ".NETCoreApp,Version=v6.0",
    "TypeNames": "0"
  }
}
