{
  "stepDefinitions": [
    {
      "type": "Given",
      "regex": "^quis ipsum erat$",
      "method": "MassaPlaceratFaucibusRisusSteps.GivenInMolestieTempusMolestie()",
      "expression": "quis ipsum erat",
      "sourceLocation": "#0|10|9|12|10"
    },
    {
      "type": "Then",
      "regex": "^vitae eu diam$",
      "method": "MassaPlaceratFaucibusRisusSteps.ThenIpsumMassaEratBlandit()",
      "expression": "vitae eu diam",
      "sourceLocation": "#0|16|9|18|10"
    },
    {
      "type": "When",
      "regex": "^diam condimentum lacinia blandit tincidunt$",
      "method": "MassaPlaceratFaucibusRisusSteps.WhenMollisNostraCurabiturDictum()",
      "expression": "diam condimentum lacinia blandit tincidunt",
      "sourceLocation": "#0|22|9|24|10"
    }
  ],
  "sourceFiles": {
    "0": "<<targetFolder>>\\StepDefinitions\\MassaPlaceratFaucibusRisusSteps.cs"
  },
  "typeNames": {},
  "analyticsProperties": {
    "Connector": "<connector>",
    "ImageRuntimeVersion": "v4.0.30319",
    "SFFile": "TechTalk.SpecFlow.dll",
    "SFFileVersion": "3.1.97.53089",
    "SFProductVersion": "3.1.97\u002B61cf6cfefb",
    "SourcePaths": "1",
    "StepDefinitions": "3",
    "TargetFramework": ".NETCoreApp,Version=v6.0",
    "TypeNames": "0"
  }
}
