{
  "stepDefinitions": [
    {
      "type": "Then",
      "regex": "^tellus \u0022(.*)\u0022 nulla$",
      "method": "IdNecAtLigulaSteps.ThenErosAtCongueMollis(String)",
      "paramTypes": "s",
      "expression": "tellus \u0022(.*)\u0022 nulla",
      "sourceLocation": "#0|10|9|12|10"
    },
    {
      "type": "Given",
      "regex": "^Curabitur sem in$",
      "method": "IdNecAtLigulaSteps.GivenInMassaDiamDui()",
      "expression": "Curabitur sem in",
      "sourceLocation": "#0|16|9|18|10"
    },
    {
      "type": "When",
      "regex": "^nostra ullamcorper tortor in$",
      "method": "IdNecAtLigulaSteps.WhenAugueAugueLaoreetNulla()",
      "expression": "nostra ullamcorper tortor in",
      "sourceLocation": "#0|22|9|24|10"
    }
  ],
  "sourceFiles": {
    "0": "<<targetFolder>>\\StepDefinitions\\IdNecAtLigulaSteps.cs"
  },
  "typeNames": {}
}
