stdout:>>>>>>>>>>
{}
<<<<<<<<<<
stderr:
resultCode:1